// Jest Snapshot v1, https://goo.gl/fbAQLP

exports[`Shimmer matches the snapshot 1`] = `
<DocumentFragment>
  <div
    class="shimmer-container"
    data-testid="shimmer-container"
  >
    <div
      class="shimmer-card"
      data-testid="shimmer-card"
    />
    <div
      class="shimmer-card"
      data-testid="shimmer-card"
    />
    <div
      class="shimmer-card"
      data-testid="shimmer-card"
    />
    <div
      class="shimmer-card"
      data-testid="shimmer-card"
    />
    <div
      class="shimmer-card"
      data-testid="shimmer-card"
    />
    <div
      class="shimmer-card"
      data-testid="shimmer-card"
    />
    <div
      class="shimmer-card"
      data-testid="shimmer-card"
    />
    <div
      class="shimmer-card"
      data-testid="shimmer-card"
    />
    <div
      class="shimmer-card"
      data-testid="shimmer-card"
    />
    <div
      class="shimmer-card"
      data-testid="shimmer-card"
    />
    <div
      class="shimmer-card"
      data-testid="shimmer-card"
    />
    <div
      class="shimmer-card"
      data-testid="shimmer-card"
    />
    <div
      class="shimmer-card"
      data-testid="shimmer-card"
    />
    <div
      class="shimmer-card"
      data-testid="shimmer-card"
    />
    <div
      class="shimmer-card"
      data-testid="shimmer-card"
    />
    <div
      class="shimmer-card"
      data-testid="shimmer-card"
    />
    <div
      class="shimmer-card"
      data-testid="shimmer-card"
    />
    <div
      class="shimmer-card"
      data-testid="shimmer-card"
    />
    <div
      class="shimmer-card"
      data-testid="shimmer-card"
    />
    <div
      class="shimmer-card"
      data-testid="shimmer-card"
    />
  </div>
</DocumentFragment>
`;
